2026-03-24 19:40:01 INFO User login: admin
2026-03-24 19:40:02 DEBUG Connection string: mongodb://user:pass123@localhost:27017
2026-03-24 19:40:03 WARN AWS Key leaked: AKIA1234567890ABCDEF
2026-03-24 19:40:04 ERROR System failure for user@example.com
